[2026-03-21T05:28:29.568Z] 🧪 Running competitor monitor test...
[2026-03-21T05:28:38.051Z] 📊 Dashboard generated: C:\Users\milob\.openclaw\workspace\WDHC\competitor-dashboard.html
[2026-03-21T05:28:42.113Z] 🚀 Starting competitor monitoring check...
[2026-03-21T05:28:42.116Z] 🔍 Searching for: "dead hang championship"
[2026-03-21T05:28:42.116Z] 🚨 NEW COMPETITOR FOUND: Grip Strength Competition - New Dead Hang League
[2026-03-21T05:28:42.116Z]    Via search: "dead hang championship"
[2026-03-21T05:28:42.116Z]    URL: https://newgripleague.com
[2026-03-21T05:28:42.116Z] 
📊 Checking: "dead hang competition"
[2026-03-21T05:28:42.117Z] 
📊 Checking: "dead hang leaderboard"
[2026-03-21T05:28:42.117Z] 🔍 Searching for: "dead hang competition"
[2026-03-21T05:28:42.116Z] 
📊 Checking: "dead hang championship"
[2026-03-21T05:28:42.117Z] 🔍 Searching for: "dead hang world record"
[2026-03-21T05:28:42.117Z] 
📊 Checking: "dead hang world record"
[2026-03-21T05:28:42.117Z] 🔍 Searching for: "dead hang leaderboard"
[2026-03-21T05:28:42.117Z] 
📊 Checking: "dead hang federation"
[2026-03-21T05:28:42.117Z] 🔍 Searching for: "dead hang federation"
[2026-03-21T05:28:42.132Z] 📢 Sending alert for: Grip Strength Competition - New Dead Hang League
[2026-03-21T05:28:42.133Z] 📊 Total competitors in database: 1
[2026-03-21T05:28:42.133Z] 
✅ Check complete. Found 1 new competitors.
[2026-03-21T05:28:42.134Z] 📊 Dashboard generated: C:\Users\milob\.openclaw\workspace\WDHC\competitor-dashboard.html
[2026-03-21T05:35:36.953Z] 🚀 Starting competitor monitoring check...
[2026-03-21T05:35:36.996Z] 
📊 Checking: "dead hang championship"
[2026-03-21T05:35:36.997Z] 🔍 Searching for: "dead hang championship"
[2026-03-21T05:35:36.997Z] 
📊 Checking: "dead hang competition"
[2026-03-21T05:35:36.997Z] 🔍 Searching for: "dead hang competition"
[2026-03-21T05:35:36.998Z] 
📊 Checking: "dead hang leaderboard"
[2026-03-21T05:35:36.998Z] 🔍 Searching for: "dead hang leaderboard"
[2026-03-21T05:35:36.998Z] 
📊 Checking: "dead hang world record"
[2026-03-21T05:35:36.998Z] 🔍 Searching for: "dead hang world record"
[2026-03-21T05:35:36.998Z] 
📊 Checking: "dead hang federation"
[2026-03-21T05:35:36.998Z] 🔍 Searching for: "dead hang federation"
[2026-03-21T05:35:37.000Z] 
✅ Check complete. Found 0 new competitors.
[2026-03-21T05:35:37.000Z] 📊 Total competitors in database: 1
[2026-03-21T05:35:37.448Z] 📊 Dashboard generated: C:\Users\milob\.openclaw\workspace\WDHC\competitor-dashboard.html
[2026-03-21T05:40:41.584Z] 🚀 Starting competitor monitoring check...
[2026-03-21T05:40:41.648Z] 📊 Checking: "dead hang championship"
[2026-03-21T05:40:42.793Z] 📊 Checking: "dead hang competition"
[2026-03-21T05:40:43.639Z] 📊 Checking: "dead hang leaderboard"
[2026-03-21T05:40:43.711Z] 📊 Checking: "dead hang world record"
[2026-03-21T05:40:43.772Z] 📊 Checking: "dead hang federation"
[2026-03-21T05:40:44.055Z] 📊 Dashboard generated: C:\Users\milob\.openclaw\workspace\WDHC\competitor-dashboard.html
[2026-03-21T05:40:44.056Z] 
✅ Check complete. Found 0 new competitors.
[2026-03-21T05:40:44.056Z] 📊 Total competitors in database: 1
[2026-03-21T05:40:48.287Z] 🚀 Starting competitor monitoring check...
[2026-03-21T05:40:48.292Z] 📊 Checking: "dead hang championship"
[2026-03-21T05:40:48.481Z] 📊 Checking: "dead hang competition"
[2026-03-21T05:40:48.542Z] 📊 Checking: "dead hang leaderboard"
[2026-03-21T05:40:48.610Z] 📊 Checking: "dead hang world record"
[2026-03-21T05:40:48.687Z] 📊 Checking: "dead hang federation"
[2026-03-21T05:40:48.770Z] 📊 Dashboard generated: C:\Users\milob\.openclaw\workspace\WDHC\competitor-dashboard.html
[2026-03-21T05:40:48.771Z] 
✅ Check complete. Found 0 new competitors.
[2026-03-21T05:40:48.771Z] 📊 Total competitors in database: 1
[2026-03-21T05:46:33.517Z] 🚀 Starting competitor monitoring check...
[2026-03-21T05:46:33.534Z] 📊 Checking: "dead hang championship"
[2026-03-21T05:46:33.876Z] 📊 Checking: "dead hang competition"
[2026-03-21T05:46:33.944Z] 📊 Checking: "dead hang leaderboard"
[2026-03-21T05:46:34.040Z] 📊 Checking: "dead hang world record"
[2026-03-21T05:46:34.235Z] 📊 Checking: "dead hang federation"
[2026-03-21T05:46:34.484Z] 📊 Dashboard generated: C:\Users\milob\.openclaw\workspace\WDHC\competitor-dashboard.html
[2026-03-21T05:46:34.485Z] 
✅ Check complete. Found 0 new competitors.
[2026-03-21T05:46:34.492Z] 📊 Total competitors in database: 1
[2026-03-21T05:46:34.821Z] 🚀 Starting competitor monitoring check...
[2026-03-21T05:46:34.830Z] 📊 Checking: "dead hang championship"
[2026-03-21T05:46:35.162Z] 📊 Checking: "dead hang competition"
[2026-03-21T05:46:35.268Z] 📊 Checking: "dead hang leaderboard"
[2026-03-21T05:46:35.419Z] 📊 Checking: "dead hang world record"
[2026-03-21T05:46:35.566Z] 📊 Checking: "dead hang federation"
[2026-03-21T05:46:35.716Z] 📊 Dashboard generated: C:\Users\milob\.openclaw\workspace\WDHC\competitor-dashboard.html
[2026-03-21T05:46:35.717Z] 
✅ Check complete. Found 0 new competitors.
[2026-03-21T05:46:35.719Z] 📊 Total competitors in database: 1
[2026-03-21T21:57:16.728Z] 🚀 Starting competitor monitoring check...
[2026-03-21T21:57:16.737Z] 📊 Checking: "dead hang championship"
[2026-03-21T21:57:17.610Z] 📊 Checking: "dead hang competition"
[2026-03-21T21:57:17.672Z] 📊 Checking: "dead hang leaderboard"
[2026-03-21T21:57:17.732Z] 📊 Checking: "dead hang world record"
[2026-03-21T21:57:17.800Z] 📊 Checking: "dead hang federation"
[2026-03-21T21:57:17.936Z] 📊 Dashboard generated: C:\Users\milob\.openclaw\workspace\WDHC\competitor-dashboard.html
[2026-03-21T21:57:17.936Z] 
✅ Check complete. Found 0 new competitors.
[2026-03-21T21:57:17.937Z] 📊 Total competitors in database: 3
